###############################################################################
#
# IAR ELF Linker V9.20.4.327/W64 for ARM                  02/Jan/2024  15:47:15
# Copyright 2007-2022 IAR Systems AB.
#
#    Output file  =
#        C:\Users\karee\OneDrive\Desktop\Lifi_Project\Debug\Exe\project.out
#    Map file     =
#        C:\Users\karee\OneDrive\Desktop\Lifi_Project\Debug\List\project.map
#    Command line =
#        -f
#        C:\Users\karee\OneDrive\Desktop\Lifi_Project\Debug\Exe\project.out.rsp
#        (C:\Users\karee\OneDrive\Desktop\Lifi_Project\Debug\Obj\ADC.o
#        C:\Users\karee\OneDrive\Desktop\Lifi_Project\Debug\Obj\cpu.o
#        C:\Users\karee\OneDrive\Desktop\Lifi_Project\Debug\Obj\DIO.o
#        C:\Users\karee\OneDrive\Desktop\Lifi_Project\Debug\Obj\Door.o
#        C:\Users\karee\OneDrive\Desktop\Lifi_Project\Debug\Obj\Gpio_interrupt.o
#        C:\Users\karee\OneDrive\Desktop\Lifi_Project\Debug\Obj\GPTM.o
#        C:\Users\karee\OneDrive\Desktop\Lifi_Project\Debug\Obj\HC-05.o
#        C:\Users\karee\OneDrive\Desktop\Lifi_Project\Debug\Obj\HC-SR04.o
#        C:\Users\karee\OneDrive\Desktop\Lifi_Project\Debug\Obj\interrupt.o
#        C:\Users\karee\OneDrive\Desktop\Lifi_Project\Debug\Obj\LCD.o
#        C:\Users\karee\OneDrive\Desktop\Lifi_Project\Debug\Obj\LM35.o
#        C:\Users\karee\OneDrive\Desktop\Lifi_Project\Debug\Obj\main.o
#        C:\Users\karee\OneDrive\Desktop\Lifi_Project\Debug\Obj\PWM.o
#        C:\Users\karee\OneDrive\Desktop\Lifi_Project\Debug\Obj\sysctl.o
#        C:\Users\karee\OneDrive\Desktop\Lifi_Project\Debug\Obj\Systic_timer.o
#        C:\Users\karee\OneDrive\Desktop\Lifi_Project\Debug\Obj\systick.o
#        C:\Users\karee\OneDrive\Desktop\Lifi_Project\Debug\Obj\timer.o
#        C:\Users\karee\OneDrive\Desktop\Lifi_Project\Debug\Obj\UART.o
#        --no_out_extension -o
#        C:\Users\karee\OneDrive\Desktop\Lifi_Project\Debug\Exe\project.out
#        --redirect _Printf=_PrintfFullNoMb --redirect _Scanf=_ScanfFullNoMb
#        --map
#        C:\Users\karee\OneDrive\Desktop\Lifi_Project\Debug\List\project.map
#        --config D:\IAR\arm\config\linker\TexasInstruments\LM4F120H5QR.icf
#        --semihosting --entry __iar_program_start --vfe --text_out locale)
#
###############################################################################

*******************************************************************************
*** RUNTIME MODEL ATTRIBUTES
***

CppFlavor       = *
__CPP_Runtime   = 1
__SystemLibrary = DLib
__dlib_version  = 6


*******************************************************************************
*** HEAP SELECTION
***

The basic heap was selected because no calls to memory allocation
functions were found in the application outside of system library
functions, and there are calls to deallocation functions in the
application.


*******************************************************************************
*** PLACEMENT SUMMARY
***

"A0":  place at address 0x0 { ro section .intvec };
"P1":  place in [from 0x0 to 0x3'ffff] { ro };
define block CSTACK with size = 2K, alignment = 8 { };
define block HEAP with size = 8K, alignment = 8 { };
"P2":  place in [from 0x2000'0000 to 0x2000'7fff] {
          rw, block CSTACK, block HEAP };
initialize by copy { rw };

  Section            Kind         Address    Size  Object
  -------            ----         -------    ----  ------
"A0":                                        0x40
  .intvec            ro code          0x0    0x40  vector_table_M.o [4]
                                   - 0x40    0x40

"P1":                                      0x29d7
  .text              ro code         0x40   0xf12  xprintffull_nomb.o [2]
  .text              ro code        0xf52    0x3a  packbits_init_single.o [4]
  .text              ro code        0xf8c    0x16  strchr.o [4]
  .text              ro code        0xfa2     0xa  xsprout.o [2]
  .text              ro code        0xfac    0x40  xfail_s.o [2]
  .text              ro code        0xfec    0x36  strlen.o [4]
  .text              ro code       0x1022     0x2  vectortrap_M.o [4]
  .text              ro code       0x1024    0x58  memchr.o [4]
  .text              ro code       0x107c    0x76  ABImemcpy_unaligned.o [4]
  .text              ro code       0x10f4    0x70  frexp.o [3]
  .text              ro code       0x1164    0x34  DblCmpLe.o [3]
  .text              ro code       0x1198    0x34  DblCmpGe.o [3]
  .text              ro code       0x11cc   0x13a  ldexp.o [3]
  .text              ro code       0x1308    0x36  DblToS32.o [3]
  .text              ro code       0x1340    0x22  S32ToDbl.o [3]
  .text              ro code       0x1364   0x25e  DblAddSub.o [3]
  .text              ro code       0x15c4   0x246  DblDiv.o [3]
  .text              ro code       0x180c    0x22  DblToU32.o [3]
  .text              ro code       0x1830    0x1c  U32ToDbl.o [3]
  .text              ro code       0x184c   0x1aa  DblMul.o [3]
  .text              ro code       0x19f8   0x230  I64DivMod.o [4]
  .text              ro code       0x1c28     0x6  abort.o [2]
  .text              ro code       0x1c30     0x2  I64DivZer.o [4]
  .text              ro code       0x1c34    0x14  exit.o [5]
  .text              ro code       0x1c48   0x234  main.o [1]
  .text              ro code       0x1e7c    0x88  Systic_timer.o [1]
  .text              ro code       0x1f04    0xac  Gpio_interrupt.o [1]
  .text              ro code       0x1fb0    0x84  ADC.o [1]
  .text              ro code       0x2034    0xcc  UART.o [1]
  .text              ro code       0x2100    0x80  LM35.o [1]
  .text              ro code       0x2180    0x5c  HC-05.o [1]
  .text              ro code       0x21dc   0x1d4  GPTM.o [1]
  .text              ro code       0x23b0   0x100  PWM.o [1]
  .text              ro code       0x24b0    0x5c  Door.o [1]
  .text              ro code       0x250c    0x68  HC-SR04.o [1]
  .text              ro code       0x2574    0x40  sprintf.o [2]
  .text              ro code       0x25b4     0x4  DIO.o [1]
  .text              ro code       0x25b8   0x164  interrupt.o [1]
  .text              ro code       0x271c    0x50  sysctl.o [1]
  .text              ro code       0x276c    0xd8  timer.o [1]
  .text              ro code       0x2844    0x10  cpu.o [1]
  .rodata            const         0x2854    0x9c  interrupt.o [1]
  .text              ro code       0x28f0    0x28  data_init.o [4]
  .text              ro code       0x2918    0x22  fpinit_M.o [3]
  .iar.init_table    const         0x293c    0x10  - Linker created -
  .rodata            const         0x294c    0x20  main.o [1]
  .text              ro code       0x296c    0x1e  cmain.o [4]
  .text              ro code       0x298a     0x4  low_level_init.o [2]
  .text              ro code       0x298e     0x4  exit.o [2]
  .text              ro code       0x2994     0xa  cexit.o [4]
  .text              ro code       0x29a0    0x1c  cstartup_M.o [4]
  .rodata            const         0x29bc    0x18  main.o [1]
  .rodata            const         0x29d4    0x14  interrupt.o [1]
  .rodata            const         0x29e8    0x14  interrupt.o [1]
  .rodata            const         0x29fc    0x14  main.o [1]
  .rodata            const         0x2a10     0x0  packbits_init_single.o [4]
  Initializer bytes  const         0x2a10     0x7  <for P2-1>
                                 - 0x2a17  0x29d7

"P2", part 1 of 2:                           0x48
  P2-1                        0x2000'0000    0x48  <Init block>
    .data            inited   0x2000'0000     0x4  main.o [1]
    .data            inited   0x2000'0004     0x4  PWM.o [1]
    .bss             inited   0x2000'0008    0x20  main.o [1]
    .bss             inited   0x2000'0028     0x4  main.o [1]
    .bss             inited   0x2000'002c     0x4  main.o [1]
    .bss             inited   0x2000'0030     0x4  main.o [1]
    .bss             inited   0x2000'0034     0x4  main.o [1]
    .bss             inited   0x2000'0038     0x4  main.o [1]
    .bss             inited   0x2000'003c     0x4  main.o [1]
    .bss             inited   0x2000'0040     0x4  xfail_s.o [2]
    .bss             inited   0x2000'0044     0x1  main.o [1]
    .bss             inited   0x2000'0045     0x1  main.o [1]
    .bss             inited   0x2000'0046     0x1  main.o [1]
    .bss             inited   0x2000'0047     0x1  main.o [1]
                            - 0x2000'0048    0x48

"P2", part 2 of 2:                          0xa70
  VTABLE             uninit   0x2000'0400   0x26c  interrupt.o [1]
  CSTACK                      0x2000'0670   0x800  <Block>
    CSTACK           uninit   0x2000'0670   0x800  <Block tail>
                            - 0x2000'0e70   0xa70

Unused ranges:

         From           To      Size
         ----           --      ----
       0x2a17     0x3'ffff  0x3'd5e9
  0x2000'0048  0x2000'03ff     0x3b8
  0x2000'0e70  0x2000'7fff    0x7190


*******************************************************************************
*** INIT TABLE
***

          Address      Size
          -------      ----
Copy/packbits (__iar_packbits_init_single3)
    1 source range, total size 0x7 (9% of destination):
               0x2a10   0x7
    1 destination range, total size 0x48:
          0x2000'0000  0x48



*******************************************************************************
*** MODULE SUMMARY
***

    Module                  ro code  ro data  rw data
    ------                  -------  -------  -------
command line/config:
    -------------------------------------------------
    Total:

C:\Users\karee\OneDrive\Desktop\Lifi_Project\Debug\Obj: [1]
    ADC.o                       132
    DIO.o                         4
    Door.o                       92
    GPTM.o                      468
    Gpio_interrupt.o            172
    HC-05.o                      92
    HC-SR04.o                   104
    LM35.o                      128
    PWM.o                       256                 4
    Systic_timer.o              136
    UART.o                      204
    cpu.o                        16
    interrupt.o                 356      196      620
    main.o                      564       83       64
    sysctl.o                     80
    timer.o                     216
    -------------------------------------------------
    Total:                    3'020      279      688

dl7M_tln.a: [2]
    abort.o                       6
    exit.o                        4
    low_level_init.o              4
    sprintf.o                    64
    xfail_s.o                    64                 4
    xprintffull_nomb.o        3'858
    xsprout.o                    10
    -------------------------------------------------
    Total:                    4'010                 4

m7M_tls.a: [3]
    DblAddSub.o                 606
    DblCmpGe.o                   52
    DblCmpLe.o                   52
    DblDiv.o                    582
    DblMul.o                    426
    DblToS32.o                   54
    DblToU32.o                   34
    S32ToDbl.o                   34
    U32ToDbl.o                   28
    fpinit_M.o                   34
    frexp.o                     112
    ldexp.o                     314
    -------------------------------------------------
    Total:                    2'328

rt7M_tl.a: [4]
    ABImemcpy_unaligned.o       118
    I64DivMod.o                 560
    I64DivZer.o                   2
    cexit.o                      10
    cmain.o                      30
    cstartup_M.o                 28
    data_init.o                  40
    memchr.o                     88
    packbits_init_single.o       58
    strchr.o                     22
    strlen.o                     54
    vector_table_M.o             64
    vectortrap_M.o                2
    -------------------------------------------------
    Total:                    1'076

shb_l.a: [5]
    exit.o                       20
    -------------------------------------------------
    Total:                       20

    Gaps                         24        2
    Linker created                        16    2'048
-----------------------------------------------------
    Grand Total:             10'478      297    2'740


*******************************************************************************
*** ENTRY LIST
***

Entry                       Address   Size  Type      Object
-----                       -------   ----  ----      ------
.iar.init_table$$Base        0x293c          --   Gb  - Linker created -
.iar.init_table$$Limit       0x294c          --   Gb  - Linker created -
?main                        0x296d         Code  Gb  cmain.o [4]
ADC_init                     0x1fb1   0x84  Code  Gb  ADC.o [1]
Bluetooth_Write              0x219d   0x10  Code  Gb  HC-05.o [1]
Bluetooth_Write_String       0x21ad   0x16  Code  Gb  HC-05.o [1]
BusFault_Handler             0x1023         Code  Wk  vectortrap_M.o [4]
CPUcpsid                     0x2845    0x8  Code  Gb  cpu.o [1]
CPUcpsie                     0x284d    0x8  Code  Gb  cpu.o [1]
CSTACK$$Base            0x2000'0670          --   Gb  - Linker created -
CSTACK$$Limit           0x2000'0e70          --   Gb  - Linker created -
DIO_WritePort                0x25b5    0x4  Code  Gb  DIO.o [1]
DebugMon_Handler             0x1023         Code  Wk  vectortrap_M.o [4]
Delay_MicroSecond            0x230f   0x48  Code  Gb  GPTM.o [1]
GPIOF_Handler                0x1cc5   0x7e  Code  Gb  main.o [1]
Gpio_interrupt_init          0x1f05   0xac  Code  Gb  Gpio_interrupt.o [1]
HC05_init                    0x2181   0x1c  Code  Gb  HC-05.o [1]
HardFault_Handler            0x1023         Code  Wk  vectortrap_M.o [4]
INT_Init                     0x2253   0x10  Code  Gb  GPTM.o [1]
IntDisable                   0x26a1   0x5e  Code  Gb  interrupt.o [1]
IntEnable                    0x2643   0x5e  Code  Gb  interrupt.o [1]
IntMasterDisable             0x25cd   0x14  Code  Gb  interrupt.o [1]
IntMasterEnable              0x25b9   0x14  Code  Gb  interrupt.o [1]
IntPrioritySet               0x260d   0x36  Code  Gb  interrupt.o [1]
IntRegister                  0x25e1   0x2c  Code  Gb  interrupt.o [1]
IntStart                     0x2271    0xa  Code  Gb  GPTM.o [1]
IntStop                      0x227b    0xa  Code  Gb  GPTM.o [1]
LM35_init                    0x2101   0x14  Code  Gb  LM35.o [1]
Magnetic_Init                0x24b1   0x2e  Code  Gb  Door.o [1]
Magnetic_Read                0x24df   0x14  Code  Gb  Door.o [1]
Measure_distance             0x250d   0x68  Code  Gb  HC-SR04.o [1]
MemManage_Handler            0x1023         Code  Wk  vectortrap_M.o [4]
NMI_Handler                  0x1023         Code  Wk  vectortrap_M.o [4]
PWM_init                     0x23b1   0x84  Code  Gb  PWM.o [1]
PendSV_Handler               0x1023         Code  Wk  vectortrap_M.o [4]
ReadTemperature              0x2115   0x44  Code  Gb  LM35.o [1]
Region$$Table$$Base          0x293c          --   Gb  - Linker created -
Region$$Table$$Limit         0x294c          --   Gb  - Linker created -
SVC_Handler                  0x1023         Code  Wk  vectortrap_M.o [4]
SysCtlPeripheralEnable       0x2745   0x1e  Code  Gb  sysctl.o [1]
SysCtlPeripheralReady        0x271d   0x28  Code  Gb  sysctl.o [1]
SysTick_Disable              0x1e7d    0xa  Code  Gb  Systic_timer.o [1]
SysTick_Enable               0x1e87   0x14  Code  Gb  Systic_timer.o [1]
SysTick_Handler              0x1023         Code  Wk  vectortrap_M.o [4]
SysTick_Init                 0x1ed1   0x1c  Code  Gb  Systic_timer.o [1]
SysTick_PeriodSet            0x1e9b   0x36  Code  Gb  Systic_timer.o [1]
TMR2B_INT_Handler            0x1d43   0xf0  Code  Gb  main.o [1]
TMR2_INT_init                0x21dd   0x76  Code  Gb  GPTM.o [1]
Timer0ACapture_init          0x2285   0x8a  Code  Gb  GPTM.o [1]
TimerClockSourceSet          0x27fd    0x8  Code  Gb  timer.o [1]
TimerConfigure               0x2781   0x6c  Code  Gb  timer.o [1]
TimerEnable                  0x276d   0x14  Code  Gb  timer.o [1]
TimerIntClear                0x283f    0x6  Code  Gb  timer.o [1]
TimerIntEnable               0x2831    0xe  Code  Gb  timer.o [1]
TimerLoadSet                 0x281b   0x16  Code  Gb  timer.o [1]
TimerPrescaleSet             0x2805   0x16  Code  Gb  timer.o [1]
UART0_init                   0x2035   0x4c  Code  Gb  UART.o [1]
UART5_init                   0x2081   0x42  Code  Gb  UART.o [1]
UsageFault_Handler           0x1023         Code  Wk  vectortrap_M.o [4]
_LitobFullNoMb                0xd59  0x10c  Code  Lc  xprintffull_nomb.o [2]
_PrintfFullNoMb                0x41  0xce8  Code  Gb  xprintffull_nomb.o [2]
_PutcharFullNoMb              0xebd   0x20  Code  Lc  xprintffull_nomb.o [2]
_PutcharsFullNoMb             0xedd   0x2e  Code  Lc  xprintffull_nomb.o [2]
_SProut                       0xfa3    0xa  Code  Gb  xsprout.o [2]
__aeabi_cdcmple              0x1165         Code  Gb  DblCmpLe.o [3]
__aeabi_cdrcmple             0x1199         Code  Gb  DblCmpGe.o [3]
__aeabi_d2iz                 0x1309         Code  Gb  DblToS32.o [3]
__aeabi_d2uiz                0x180d         Code  Gb  DblToU32.o [3]
__aeabi_dadd                 0x1365         Code  Gb  DblAddSub.o [3]
__aeabi_ddiv                 0x15c5         Code  Gb  DblDiv.o [3]
__aeabi_dmul                 0x184d         Code  Gb  DblMul.o [3]
__aeabi_dsub                 0x14e1         Code  Gb  DblAddSub.o [3]
__aeabi_i2d                  0x1341         Code  Gb  S32ToDbl.o [3]
__aeabi_ldiv0                0x1c31         Code  Gb  I64DivZer.o [4]
__aeabi_ui2d                 0x1831         Code  Gb  U32ToDbl.o [3]
__aeabi_uldivmod             0x19f9         Code  Gb  I64DivMod.o [4]
__cmain                      0x296d         Code  Gb  cmain.o [4]
__exit                       0x1c35   0x14  Code  Gb  exit.o [5]
__iar_Fail_s                  0xfad   0x1c  Code  Gb  xfail_s.o [2]
__iar_Memchr                 0x1025         Code  Gb  memchr.o [4]
__iar_Strchr                  0xf8d         Code  Gb  strchr.o [4]
__iar_data_init3             0x28f1   0x28  Code  Gb  data_init.o [4]
__iar_frexp                  0x1101         Code  Gb  frexp.o [3]
__iar_frexpl                 0x1101         Code  Gb  frexp.o [3]
__iar_init_vfp               0x2919         Code  Gb  fpinit_M.o [3]
__iar_ldexp64                0x11cd         Code  Gb  ldexp.o [3]
__iar_packbits_init_single3
                              0xf53   0x3a  Code  Gb  packbits_init_single.o [4]
__iar_program_start          0x29a1         Code  Gb  cstartup_M.o [4]
__iar_scalbln64              0x11cd         Code  Gb  ldexp.o [3]
__iar_scalbn64               0x11cd         Code  Gb  ldexp.o [3]
__iar_softfp___iar_frexp64
                             0x10f5         Code  Gb  frexp.o [3]
__iar_softfp_frexp           0x10f5         Code  Gb  frexp.o [3]
__iar_softfp_frexpl          0x10f5         Code  Gb  frexp.o [3]
__iar_unaligned_memcpy       0x107d         Code  Gb  ABImemcpy_unaligned.o [4]
__iar_unaligned_memcpy4
                             0x109d         Code  Gb  ABImemcpy_unaligned.o [4]
__iar_unaligned_memcpy8
                             0x109d         Code  Gb  ABImemcpy_unaligned.o [4]
__low_level_init             0x298b    0x4  Code  Gb  low_level_init.o [2]
__vector_table                  0x0         Data  Gb  vector_table_M.o [4]
_call_main                   0x2979         Code  Gb  cmain.o [4]
_exit                        0x2995         Code  Gb  cexit.o [4]
abort                        0x1c29    0x6  Code  Gb  abort.o [2]
clearLED                     0x2475    0xc  Code  Gb  PWM.o [1]
clearflag                    0x2263    0xe  Code  Gb  GPTM.o [1]
distance                0x2000'003c    0x4  Data  Gb  main.o [1]
distanceflag            0x2000'0045    0x1  Data  Gb  main.o [1]
duty_cycle              0x2000'0004    0x4  Data  Gb  PWM.o [1]
exit                         0x298f    0x4  Code  Gb  exit.o [2]
g_pfnRAMVectors         0x2000'0400  0x26c  Data  Lc  interrupt.o [1]
g_pui32Dii16Regs             0x29e8   0x14  Data  Lc  interrupt.o [1]
g_pui32EnRegs                0x29d4   0x14  Data  Lc  interrupt.o [1]
g_pui32Regs                  0x2854   0x9c  Data  Lc  interrupt.o [1]
ldexp                        0x11cd         Code  Gb  ldexp.o [3]
ldexpl                       0x11cd         Code  Gb  ldexp.o [3]
magnetic                0x2000'0047    0x1  Data  Gb  main.o [1]
magneticflag            0x2000'0046    0x1  Data  Gb  main.o [1]
main                         0x1c49   0x7c  Code  Gb  main.o [1]
memchr                       0x1025         Code  Gb  memchr.o [4]
prevStatus              0x2000'0000    0x4  Data  Gb  main.o [1]
scalbln                      0x11cd         Code  Gb  ldexp.o [3]
scalblnl                     0x11cd         Code  Gb  ldexp.o [3]
scalbn                       0x11cd         Code  Gb  ldexp.o [3]
scalbnl                      0x11cd         Code  Gb  ldexp.o [3]
scale                         0xe65   0x46  Code  Lc  xprintffull_nomb.o [2]
sec_hand                0x2000'0040    0x4  Data  Lc  xfail_s.o [2]
setHighIntensity             0x2461   0x14  Code  Gb  PWM.o [1]
setLowIntensity              0x2435   0x16  Code  Gb  PWM.o [1]
setMediumIntensity           0x244b   0x16  Code  Gb  PWM.o [1]
sprintf                      0x2575   0x40  Code  Gb  sprintf.o [2]
startedMessageSent      0x2000'0034    0x4  Data  Gb  main.o [1]
status                  0x2000'002c    0x4  Data  Gb  main.o [1]
stoppedMessageSent      0x2000'0030    0x4  Data  Gb  main.o [1]
str                     0x2000'0008   0x20  Data  Gb  main.o [1]
strchr                        0xf8d         Code  Gb  strchr.o [4]
strlen                        0xfed         Code  Gb  strlen.o [4]
temperature             0x2000'0038    0x4  Data  Gb  main.o [1]
tempflag                0x2000'0044    0x1  Data  Gb  main.o [1]
time                    0x2000'0028    0x4  Data  Gb  main.o [1]


[1] = C:\Users\karee\OneDrive\Desktop\Lifi_Project\Debug\Obj
[2] = dl7M_tln.a
[3] = m7M_tls.a
[4] = rt7M_tl.a
[5] = shb_l.a

  10'478 bytes of readonly  code memory
     297 bytes of readonly  data memory
   2'740 bytes of readwrite data memory

Errors: none
Warnings: none
